============================= test session starts =============================
platform win32 -- Python 3.12.8, pytest-8.3.5, pluggy-1.5.0
rootdir: C:\Users\dsuth\Documents\Code Projects\Legends of Learning 3.1
configfile: pytest.ini
plugins: cov-6.1.1
collected 72 items

tests\test_auth.py ...                                                   [  4%]
tests\test_character_management.py ....                                  [  9%]
tests\test_clan_api.py ....                                              [ 15%]
tests\test_clan_metrics.py ......                                        [ 23%]
tests\test_class_routes.py ....F.                                        [ 31%]
tests\test_game_models.py ........                                       [ 43%]
tests\test_models.py ........                                            [ 54%]
tests\test_quest_models.py ................                              [ 76%]
tests\test_shop_and_audit_models.py .................                    [100%]

================================== FAILURES ===================================
________________ test_student_roster_listing_filtering_sorting ________________
tests\test_class_routes.py:237: in test_student_roster_listing_filtering_sorting
    assert b'Alice Test' in resp.data and b'Bob Test' not in resp.data and b'Charlie Test' not in resp.data
E   assert (b'Alice Test' in b'<!DOCTYPE html>\n<html lang="en">\n<head>\n    <meta charset="UTF-8">\n    <meta name="viewport" content="width=devi...js"></script>\n    <!-- Custom JavaScript -->\n    <script src="/static/js/main.js"></script>\n    \n</body>\n</html> ')
E    +  where b'<!DOCTYPE html>\n<html lang="en">\n<head>\n    <meta charset="UTF-8">\n    <meta name="viewport" content="width=devi...js"></script>\n    <!-- Custom JavaScript -->\n    <script src="/static/js/main.js"></script>\n    \n</body>\n</html> ' = <WrapperTestResponse 8937 bytes [200 OK]>.data
---------------------------- Captured stdout setup ----------------------------
[DEBUG] Creating new test DB at C:\Users\dsuth\AppData\Local\Temp\tmp7c5xx1gt.db
[DEBUG] Alembic config: C:\Users\dsuth\Documents\Code Projects\Legends of Learning 3.1\tests\..\migrations\alembic.ini
[DEBUG] Alembic script_location: migrations
[DEBUG] Alembic DB URI: sqlite:///C:\Users\dsuth\AppData\Local\Temp\tmp7c5xx1gt.db
[DEBUG] Migration files: ['C:\\Users\\dsuth\\Documents\\Code Projects\\Legends of Learning 3.1\\tests\\..\\migrations\\versions\\27f385631527_initial_clean_schema_with_clan_progress_.py', 'C:\\Users\\dsuth\\Documents\\Code Projects\\Legends of Learning 3.1\\tests\\..\\migrations\\versions\\32798dc6422a_add_last_activity_to_student.py', 'C:\\Users\\dsuth\\Documents\\Code Projects\\Legends of Learning 3.1\\tests\\..\\migrations\\versions\\72c88c3aa359_add_avatar_url_to_user_model.py', 'C:\\Users\\dsuth\\Documents\\Code Projects\\Legends of Learning 3.1\\tests\\..\\migrations\\versions\\7a2aa64d2845_add_clan_progress_history_table.py']
[DEBUG] Last migration file contents:
"""add clan progress history table

Revision ID: 7a2aa64d2845
Revises: 32798dc6422a
Create Date: 2025-05-12 19:12:32.536242

"""
from typing import Sequence, Union

from alembic import op
import sqlalchemy as sa


# revision identifiers, used by Alembic.
revision: str = '7a2aa64d2845'
down_revision: Union[str, None] = '32798dc6422a'
branch_labels: Union[str, Sequence[str], None] = None
depends_on: Union[str, Sequence[str], None] = None


def upgrade() -> None:
    op.create_table(
        'clan_progress_history',
        sa.Column('id', sa.Integer(), primary_key=True),
        sa.Column('clan_id', sa.Integer(), sa.ForeignKey('clans.id', ondelete='CASCADE'), nullable=False),
        sa.Column('timestamp', sa.DateTime(), nullable=False),
        sa.Column('avg_completion_rate', sa.Float(), nullable=False, server_default='0.0'),
        sa.Column('total_points', sa.Integer(), nullable=False, server_default='0'),
        sa.Column('active_members', sa.Integer(), nullable=False, server_defa
[DEBUG] Dropping all tables in C:\Users\dsuth\AppData\Local\Temp\tmp7c5xx1gt.db before Alembic migration...
[DEBUG] Alembic heads before upgrade: ['7a2aa64d2845']
Alembic using DB URL: sqlite:///C:\Users\dsuth\AppData\Local\Temp\tmp7c5xx1gt.db
Alembic target_metadata tables: []
[DEBUG] Alembic heads after upgrade: ['7a2aa64d2845']
[DEBUG] Tables after Alembic: [('alembic_version',), ('abilities',), ('characters',), ('clans',), ('equipment',), ('quests',), ('students',), ('users',), ('assist_logs',), ('audit_log',), ('character_abilities',), ('classrooms',), ('consequences',), ('inventories',), ('quest_logs',), ('rewards',), ('shop_purchases',), ('class_students',), ('clan_progress_history',)]
[DEBUG] alembic_version table: [('7a2aa64d2845',)]
[DEBUG] clan_progress_history schema: [(0, 'id', 'INTEGER', 1, None, 1), (1, 'clan_id', 'INTEGER', 1, None, 0), (2, 'timestamp', 'DATETIME', 1, None, 0), (3, 'avg_completion_rate', 'FLOAT', 1, "'0.0'", 0), (4, 'total_points', 'INTEGER', 1, "'0'", 0), (5, 'active_members', 'INTEGER', 1, "'0'", 0), (6, 'avg_daily_points', 'FLOAT', 0, None, 0), (7, 'quest_completion_rate', 'FLOAT', 0, None, 0), (8, 'avg_member_level', 'FLOAT', 0, None, 0), (9, 'percentile_rank', 'INTEGER', 0, None, 0), (10, 'created_at', 'DATETIME', 1, None, 0), (11, 'updated_at', 'DATETIME', 1, None, 0)]
[DEBUG] equipment table columns: [(0, 'id', 'INTEGER', 1, None, 1), (1, 'name', 'VARCHAR(64)', 1, None, 0), (2, 'description', 'TEXT', 0, None, 0), (3, 'type', 'VARCHAR(9)', 1, None, 0), (4, 'slot', 'VARCHAR(9)', 1, None, 0), (5, 'level_requirement', 'INTEGER', 1, None, 0), (6, 'health_bonus', 'INTEGER', 1, None, 0), (7, 'strength_bonus', 'INTEGER', 1, None, 0), (8, 'defense_bonus', 'INTEGER', 1, None, 0), (9, 'rarity', 'INTEGER', 1, None, 0), (10, 'is_tradeable', 'BOOLEAN', 1, None, 0), (11, 'cost', 'INTEGER', 1, None, 0), (12, 'image_url', 'VARCHAR(256)', 0, None, 0), (13, 'created_at', 'DATETIME', 1, None, 0), (14, 'updated_at', 'DATETIME', 1, None, 0)]
[DB Version Check] WARNING: DB version 7a2aa64d2845 does not match latest migration e7e000a7118c
[DEBUG] Flask app SQLALCHEMY_DATABASE_URI: C:\Users\dsuth\AppData\Local\Temp\tmp7c5xx1gt.db
[DB Integrity Check] Database integrity OK.
---------------------------- Captured stderr setup ----------------------------
INFO  [alembic.runtime.migration] Context impl SQLiteImpl.
INFO  [alembic.runtime.migration] Will assume non-transactional DDL.
INFO  [alembic.runtime.migration] Running upgrade  -> 27f385631527, initial clean schema with clan progress history
INFO  [alembic.runtime.migration] Running upgrade 27f385631527 -> 72c88c3aa359, Add avatar_url to User model
INFO  [alembic.runtime.migration] Running upgrade 72c88c3aa359 -> 32798dc6422a, Add last_activity to Student
INFO  [alembic.runtime.migration] Running upgrade 32798dc6422a -> 7a2aa64d2845, add clan progress history table
=========================== short test summary info ===========================
FAILED tests/test_class_routes.py::test_student_roster_listing_filtering_sorting
================ 1 failed, 71 passed, 1162 warnings in 17.86s =================
